// Jest Snapshot v1, https://goo.gl/fbAQLP

exports[`codegen element 1`] = `
"const { toDisplayString: _toDisplayString, createElementVNode: _createElementVNode } = Vue
return function render(_ctx, _cache, $props, $setup, $data, $options){_createElementVNode("div",null,"hi, "+_toDisplayString(ctx_.message))}"
`;

exports[`codegen interpolation 1`] = `
"const { toDisplayString: _toDisplayString } = Vue
return function render(_ctx, _cache, $props, $setup, $data, $options){_toDisplayString(ctx_.message)}"
`;

exports[`codegen string 1`] = `
"
return function render(_ctx, _cache, $props, $setup, $data, $options){"hi"}"
`;
